// Jest Snapshot v1, https://goo.gl/fbAQLP

exports[`matches snapshot 1`] = `
<DocumentFragment>
  <div
    class="root preparing undefined"
  >
    Preparing
  </div>
</DocumentFragment>
`;
