// Jest Snapshot v1, https://goo.gl/fbAQLP

exports[`matches snapshot 1`] = `
<DocumentFragment>
  <div
    class="root"
  >
    <div
      class="title"
    >
      Hawaii Burger
    </div>
    <div
      class="quantity"
    >
      Quantity: 1
    </div>
    <div
      class="price"
    >
      Price: 0
    </div>
  </div>
</DocumentFragment>
`;
